################################################################################
#                  Linux Hardware & System Configuration                       #
#                  Captured: 2026-03-10 11:50:57 IST                    #
################################################################################

=== Operating System ===
  Version:                               9.7 (Plow)
  ID:                                    rhel
  ID_LIKE:                               fedora
  Distribution:                          Red Hat Enterprise Linux 9.7 (Plow)
  Kernel:                                5.14.0-611.13.1.el9_7.x86_64
  Machine:                               x86_64
  glibc version:                         2.34

=== Memory ===
  Total RAM:                             1006.8 GiB
  Available RAM:                         995.1 GiB
  Swap total:                            0.0 GiB
  Swap free:                             0.0 GiB
  HugePages total:                       0
  HugePages free:                        0
  HugePage size:                         2048 kB

=== CPU ===
  Model name:                            Intel(R) Xeon(R) Gold 6338 CPU @ 2.00GHz
  Vendor:                                GenuineIntel
  Sockets:                               2
  Cores per socket:                      32
  Threads per core:                      2
  Total logical CPUs:                    128
  Total physical cores:                  64
  Hyper-Threading:                       Enabled (2 threads/core)
  CPU max MHz:                           3200.0000
  CPU min MHz:                           800.0000
  L1d cache:                             3 MiB (64 instances)
  L1i cache:                             2 MiB (64 instances)
  L2 cache:                              80 MiB (64 instances)
  L3 cache:                              96 MiB (2 instances)
  Freq scaling driver:                   intel_pstate

  Freq scaling governor:                 performance
  Turbo / Boost:                         Enabled (intel_pstate)
  Energy-performance bias (EPB):         0
  C-states (cpu0):
    POLL       latency=0      us  enabled
    C1         latency=1      us  enabled
    C1E        latency=4      us  enabled
    C6         latency=170    us  enabled

=== Clock Source ===
  Current:                               tsc
  Available:                             tsc,hpet,acpi_pm,

=== Hypervisor / Virtualisation ===
  Detected virtualisation:               none
none
  Hypervisor flag in cpuinfo:            no
  DMI product name:                      PowerEdge R650
  DMI system vendor:                     Dell Inc.

=== NUMA Topology ===
  NUMA node(s):                          2
    NUMA node0 CPU(s):                       0,2,4,6,8,10,12,14,16,18,20,22,24,26,28,30,32,34,36,38,40,42,44,46,48,50,52,54,56,58,60,62,64,66,68,70,72,74,76,78,80,82,84,86,88,90,92,94,96,98,100,102,104,106,108,110,112,114,116,118,120,122,124,126:
    NUMA node1 CPU(s):                       1,3,5,7,9,11,13,15,17,19,21,23,25,27,29,31,33,35,37,39,41,43,45,47,49,51,53,55,57,59,61,63,65,67,69,71,73,75,77,79,81,83,85,87,89,91,93,95,97,99,101,103,105,107,109,111,113,115,117,119,121,123,125,127:

################################################################################

[INFO]  Detecting allocator library versions (OS type: rhel) ...
[11:50:58] === Allocator Software Versions ===
  ptmalloc2  (glibc)          : 2.34
  jemalloc                    : 5.2.1
  tcmalloc   (gperftools-libs): 2.9.1

[11:50:58] Compiling /home/devsudo/awesome-benchmarks/memory_allocators/membench with -O3 ...
[11:50:58] Compilation successful.

[11:50:58] === Pre-flight: Checking allocator availability ===
  [OK]      ptmalloc2  (system default – no .so required)
  [OK]      tcmalloc  →  /usr/lib64/libtcmalloc.so.4
  [OK]      jemalloc  →  /usr/lib64/libjemalloc.so.2

[11:50:58] === Benchmark Configuration ===
  Binary        : /home/devsudo/awesome-benchmarks/memory_allocators/membench
  Duration      : 60s per run
  maxRSSTarget  : auto (40% of system memory, resolved by membench)
  Threads       : 12
  Workload      : frag
  Output dir    : /home/devsudo/awesome-benchmarks/memory_allocators/out
  Perf dir      : /home/devsudo/awesome-benchmarks/memory_allocators/perf
  Log file      : /home/devsudo/awesome-benchmarks/memory_allocators/out/benchmark_20260310_115057.log
  membench flags: --duration 60 --workload frag -t 12
  Summary stats : median of report rows after skipping first 3 iterations

[11:50:58] Starting Benchmark Suite ...
================================================================================
Allocator      Threads      Rate (MiB/s)     Frag %
================================================================================

[11:50:58] ---- Starting run: allocator=ptmalloc2  threads=12 ----
  Allocator    : ptmalloc2
  Threads      : 12
  LD_PRELOAD   : <none> (ptmalloc2)
  Duration     : 60s
  Binary       : /home/devsudo/awesome-benchmarks/memory_allocators/membench
  Raw output   : /home/devsudo/awesome-benchmarks/memory_allocators/out/ptmalloc2_12t_20260310_115057.txt
  Perf data    : /home/devsudo/awesome-benchmarks/memory_allocators/perf/ptmalloc2_12t/perf.data
  Perf script  : /home/devsudo/awesome-benchmarks/memory_allocators/perf/ptmalloc2_12t/perf_script.txt
  [11:50:58] Executing perf record ...
Starting MemBench CLI
THP State: [always] madvise never
Config: Threads=12, Duration=60s, Interval=5s, Workload=fragmentation, maxRSSTarget=412394.25 MiB
----------------------------------------------------------------------
[Live] Interval 1/12 | RSS: 11340.06 MiB
[Live] Interval 2/12 | RSS: 22698.79 MiB
[Live] Interval 3/12 | RSS: 34048.98 MiB
[Live] Interval 4/12 | RSS: 45331.18 MiB
[Live] Interval 5/12 | RSS: 56672.55 MiB
[Live] Interval 6/12 | RSS: 67961.91 MiB
[Live] Interval 7/12 | RSS: 79249.01 MiB
[Live] Interval 8/12 | RSS: 90444.26 MiB
[Live] Interval 9/12 | RSS: 101766.42 MiB
[Live] Interval 10/12 | RSS: 113073.00 MiB
[Live] Interval 11/12 | RSS: 124378.45 MiB
[Live] Interval 12/12 | RSS: 135667.91 MiB

Theoretical minimum RSS (frag): iterations=522998195, page_size=4096 B/iter => 127685.11 MiB

=== AGGREGATED BENCHMARK REPORT ===
Time(s)  VSS Alloc(MiB)   VSS Freed(MiB)   RSS Alloc(MiB)   RSS Freed(MiB)   RSS Expected   Rate(MiB/s)  RSS Actual     RSS Bloat(MiB) Frag %     Iterations
5        628132.83        618469.25        9663.58          0.00             9663.58        1932.72      11340.06       1676.48        14.78% 39582032
10       1319734.77       1299431.16       20303.61         0.00             20303.61       2128.01      22698.79       2395.18        10.55% 83163594
15       2011033.92       1980094.94       30938.98         0.00             30938.98       2127.07      34048.98       3110.00        9.13% 126726076
20       2706377.88       2664741.30       41636.58         0.00             41636.58       2139.52      45331.18       3694.60        8.15% 170543443
25       3401046.21       3348722.42       52323.79         0.00             52323.79       2137.44      56672.55       4348.77        7.67% 214318235
30       4088685.84       4025782.98       62902.86         0.00             62902.86       2115.81      67961.91       5059.05        7.44% 257650111
35       4779350.91       4705822.44       73528.48         0.00             73528.48       2125.12      79249.01       5720.53        7.22% 301172636
40       5466784.04       5382679.67       84104.37         0.00             84104.37       2115.18      90444.26       6339.89        7.01% 344491499
45       6156367.49       6061654.14       94713.35         0.00             94713.35       2121.80      101766.42      7053.07        6.93% 387945865
50       6847229.49       6741887.50       105341.99        0.00             105341.99      2125.73      113073.00      7731.00        6.84% 431480800
55       7542259.02       7426224.27       116034.75        0.00             116034.75      2138.55      124378.45      8343.69        6.71% 475278353
60       8230578.93       8103954.64       126624.29        0.00             126624.29      2117.91      135667.91      9043.61        6.67% 518653097
[ perf record: Woken up 22 times to write data ]
[ perf record: Captured and wrote 8.770 MB /home/devsudo/awesome-benchmarks/memory_allocators/perf/ptmalloc2_12t/perf.data (70158 samples) ]
  [11:52:03] perf record complete.
  [11:52:03] Running perf script ...
  [11:52:04] perf script saved → /home/devsudo/awesome-benchmarks/memory_allocators/perf/ptmalloc2_12t/perf_script.txt
ptmalloc2      12           2125.12          7.01
  [11:52:04] ---- Run complete: ptmalloc2/12t  rate=2125.12 MiB/s  frag=7.01% ----

[11:52:04] ---- Starting run: allocator=tcmalloc  threads=12 ----
  Allocator    : tcmalloc
  Threads      : 12
  LD_PRELOAD   : /usr/lib64/libtcmalloc.so.4
  Duration     : 60s
  Binary       : /home/devsudo/awesome-benchmarks/memory_allocators/membench
  Raw output   : /home/devsudo/awesome-benchmarks/memory_allocators/out/tcmalloc_12t_20260310_115057.txt
  Perf data    : /home/devsudo/awesome-benchmarks/memory_allocators/perf/tcmalloc_12t/perf.data
  Perf script  : /home/devsudo/awesome-benchmarks/memory_allocators/perf/tcmalloc_12t/perf_script.txt
  [11:52:04] Executing perf record ...
Starting MemBench CLI
THP State: [always] madvise never
Config: Threads=12, Duration=60s, Interval=5s, Workload=fragmentation, maxRSSTarget=412394.25 MiB
----------------------------------------------------------------------
[Live] Interval 1/12 | RSS: 22260.10 MiB
[Live] Interval 2/12 | RSS: 44621.48 MiB
[Live] Interval 3/12 | RSS: 66952.06 MiB
[Live] Interval 4/12 | RSS: 89230.39 MiB
[Live] Interval 5/12 | RSS: 111529.11 MiB
[Live] Interval 6/12 | RSS: 134043.77 MiB
[Live] Interval 7/12 | RSS: 156619.17 MiB
[Live] Interval 8/12 | RSS: 179113.11 MiB
[Live] Interval 9/12 | RSS: 201486.35 MiB
[Live] Interval 10/12 | RSS: 223740.93 MiB
[Live] Interval 11/12 | RSS: 245760.07 MiB
[Live] Interval 12/12 | RSS: 267853.83 MiB

Theoretical minimum RSS (frag): iterations=1088561804, page_size=4096 B/iter => 265762.16 MiB

=== AGGREGATED BENCHMARK REPORT ===
Time(s)  VSS Alloc(MiB)   VSS Freed(MiB)   RSS Alloc(MiB)   RSS Freed(MiB)   RSS Expected   Rate(MiB/s)  RSS Actual     RSS Bloat(MiB) Frag %     Iterations
5        1285028.86       1265259.19       19769.67         0.00             19769.67       3953.93      22260.10       2490.43        11.19% 80976588
10       2725067.81       2683143.69       41924.12         0.00             41924.12       4430.89      44621.48       2697.36        6.04% 171721196
15       4167866.48       4103745.45       64121.02         0.00             64121.02       4439.38      66952.06       2831.04        4.23% 262639709
20       5604759.57       5518532.50       86227.07         0.00             86227.07       4421.21      89230.39       3003.32        3.37% 353186080
25       7041654.33       6933321.19       108333.14        0.00             108333.14      4421.21      111529.11      3195.96        2.87% 443732556
30       8491745.93       8361103.69       130642.25        0.00             130642.25      4461.82      134043.77      3401.52        2.54% 535110636
35       9948992.10       9795930.69       153061.42        0.00             153061.42      4483.83      156619.17      3557.75        2.27% 626939564
40       11399610.31      11224231.69      175378.62        0.00             175378.62      4463.44      179113.11      3734.49        2.08% 718350828
45       12843401.46      12645810.67      197590.79        0.00             197590.79      4442.43      201486.35      3895.56        1.93% 809331883
50       14280841.33      14061136.08      219705.25        0.00             219705.25      4422.89      223740.93      4035.67        1.80% 899912709
55       15701344.33      15459785.19      241559.14        0.00             241559.14      4370.78      245760.07      4200.93        1.71% 989426252
60       17124783.90      16861325.69      263458.21        0.00             263458.21      4379.81      267853.83      4395.61        1.64% 1079124844
[ perf record: Woken up 17 times to write data ]
[ perf record: Captured and wrote 6.216 MB /home/devsudo/awesome-benchmarks/memory_allocators/perf/tcmalloc_12t/perf.data (69508 samples) ]
  [11:53:14] perf record complete.
  [11:53:14] Running perf script ...
  [11:53:15] perf script saved → /home/devsudo/awesome-benchmarks/memory_allocators/perf/tcmalloc_12t/perf_script.txt
tcmalloc       12           4422.89          2.08
  [11:53:15] ---- Run complete: tcmalloc/12t  rate=4422.89 MiB/s  frag=2.08% ----

[11:53:15] ---- Starting run: allocator=jemalloc  threads=12 ----
  Allocator    : jemalloc
  Threads      : 12
  LD_PRELOAD   : /usr/lib64/libjemalloc.so.2
  Duration     : 60s
  Binary       : /home/devsudo/awesome-benchmarks/memory_allocators/membench
  Raw output   : /home/devsudo/awesome-benchmarks/memory_allocators/out/jemalloc_12t_20260310_115057.txt
  Perf data    : /home/devsudo/awesome-benchmarks/memory_allocators/perf/jemalloc_12t/perf.data
  Perf script  : /home/devsudo/awesome-benchmarks/memory_allocators/perf/jemalloc_12t/perf_script.txt
  [11:53:15] Executing perf record ...
Starting MemBench CLI
THP State: [always] madvise never
Config: Threads=12, Duration=60s, Interval=5s, Workload=fragmentation, maxRSSTarget=412394.25 MiB
----------------------------------------------------------------------
[Live] Interval 1/12 | RSS: 107127.07 MiB
[Live] Interval 2/12 | RSS: 212943.24 MiB
[Live] Interval 3/12 | RSS: 318507.33 MiB
[Live] Interval 4/12 | RSS: 423466.02 MiB
[Live] maxRSSTarget reached (423466.02 MiB >= 412394.25 MiB) | requesting workers to stop
Benchmark stopped early after 4 interval(s) because maxRSSTarget was reached.

Theoretical minimum RSS (frag): iterations=1678367901, page_size=4096 B/iter => 409757.79 MiB

=== AGGREGATED BENCHMARK REPORT ===
Time(s)  VSS Alloc(MiB)   VSS Freed(MiB)   RSS Alloc(MiB)   RSS Freed(MiB)   RSS Expected   Rate(MiB/s)  RSS Actual     RSS Bloat(MiB) Frag %     Iterations
5        6205773.90       6110300.45       95473.44         0.00             95473.44       19094.69     107127.07      11653.63       10.88% 391059229
10       12872179.94      12674146.41      198033.54        0.00             198033.54      20512.02     212943.24      14909.70       7.00% 811145370
15       19505115.96      19205037.25      300078.71        0.00             300078.71      20409.03     318507.33      18428.62       5.79% 1229122384
20       26116214.02      25714426.11      401787.91        0.00             401787.91      20341.84     423466.02      21678.11       5.12% 1645723271
[ perf record: Woken up 1 times to write data ]
[ perf record: Captured and wrote 2.208 MB /home/devsudo/awesome-benchmarks/memory_allocators/perf/jemalloc_12t/perf.data (23855 samples) ]
  [11:53:37] perf record complete.
  [11:53:37] Running perf script ...
  [11:53:37] perf script saved → /home/devsudo/awesome-benchmarks/memory_allocators/perf/jemalloc_12t/perf_script.txt
jemalloc       12           20341.84         5.12
  [11:53:37] ---- Run complete: jemalloc/12t  rate=20341.84 MiB/s  frag=5.12% ----

================================================================================
[11:53:37] Benchmark suite complete.
  Raw outputs  : /home/devsudo/awesome-benchmarks/memory_allocators/out/
  Perf data    : /home/devsudo/awesome-benchmarks/memory_allocators/perf/
  Full log     : /home/devsudo/awesome-benchmarks/memory_allocators/out/benchmark_20260310_115057.log

================================================================================
[11:53:37] === Allocator Comparison Summary (median after warm-up) ===
================================================================================
Allocator      Alloc Rate (MiB/s)   Frag %
--------------------------------------------------------------------------------
ptmalloc2      2125.12              7.01
tcmalloc       4422.89              2.08
jemalloc       20341.84             5.12
--------------------------------------------------------------------------------

  Best allocation rate : jemalloc
  Best (lowest) frag % : tcmalloc
================================================================================

[11:53:37] === H2H Matrix 1/2: Allocation Rate  (row_rate / col_rate - 1) ===
  +N% → row is faster  |  -N% → row is slower

ROW \ COL     ptmalloc2    tcmalloc     jemalloc
---------------------------------------------------
ptmalloc2        --         -51.95%      -89.55%
tcmalloc      +108.12%        --         -78.26%
jemalloc      +857.21%     +359.92%        --
---------------------------------------------------

[11:53:37] === H2H Matrix 2/2: Fragmentation %%  (row_frag / col_frag - 1) ===
  +N% → row has more fragmentation (worse)  |  -N% → row has less fragmentation (better)

ROW \ COL     ptmalloc2    tcmalloc     jemalloc
---------------------------------------------------
ptmalloc2        --        +237.02%      +36.91%
tcmalloc       -70.33%        --         -59.38%
jemalloc       -26.96%     +146.15%        --
---------------------------------------------------
================================================================================
